exports[`app should render 1`] = `
<div>
  <Header />
  <main>
    I am content
  </main>
  <Footer />
</div>
`;
